// Jest Snapshot v1, https://goo.gl/fbAQLP

exports[`<Main /> should snapshot the heading 1`] = `
<main
  class="styles__Wrapper-sc-14jzsaj-0 ibHtAV"
>
  <img
    alt="Imagem de um átomo e React Avançado escrito ao lado."
    class="styles__Logo-sc-14jzsaj-1 iQGhES"
    src="/img/logo.svg"
  />
  <h1
    class="styles__Title-sc-14jzsaj-2 iQLjsc"
  >
    React Avançado
  </h1>
  <h2
    class="styles__Description-sc-14jzsaj-3 hXHxfz"
  >
    TypeScript, ReactJS, NextJS e Styled Components
  </h2>
  <img
    alt="Um desenvolvedor de frente para uma tela com código."
    class="styles__Illustration-sc-14jzsaj-4 bicIwe"
    src="/img/hero-illustration.svg"
  />
</main>
`;
